// Jest Snapshot v1, https://goo.gl/fbAQLP

exports[`renders correctly 1`] = `
<ul>
  <li>
    <a
      onClick={[Function]}
      style={Object {}}
    >
      Home
    </a>
  </li>
  <li>
    <a
      onClick={[Function]}
      style={Object {}}
    >
      Test Component
    </a>
  </li>
  <li>
    <a
      onClick={[Function]}
      style={Object {}}
    >
      Counter
    </a>
  </li>
</ul>
`;
